Microchip MPLAB XC8 Compiler V2.46

Linker command line:

-W-3 \
  --edf=C:\Program Files\Microchip\xc8\v2.46\pic\dat\20240104201356_en.msgs \
  -cn -h+dist/default/production\HC-06_PIC16F628A_.X.production.sym \
  --cmf=dist/default/production\HC-06_PIC16F628A_.X.production.cmf -z \
  -Q16F628A -oC:\Users\FAMILI~1\AppData\Local\Temp\xcCs6j4.2\driver_tmp_3.o \
  --defsym=__MPLAB_BUILD=1 --fixupoverflow=error \
  -Mdist/default/production/HC-06_PIC16F628A_.X.production.map \
  --md=C:\Users\FAMILI~1\AppData\Local\Temp\xcCs6j4.2\driver_tmp_0.dat -E1 \
  -ver=XC8 Compiler --acfsm=1493 -ACODE=00h-07FFh -ASTRCODE=00h-07FFh \
  -ASTRING=00h-0FFhx8 -ACONST=00h-0FFhx8 -AENTRY=00h-0FFhx8 \
  -ACOMMON=070h-07Fh -ABANK0=020h-06Fh -ABANK1=0A0h-0EFh \
  -ABANK2=0120h-014Fh -ARAM=020h-06Fh,0A0h-0EFh,0120h-014Fh \
  -AABS1=020h-07Fh,0A0h-0EFh,0120h-014Fh -ASFR0=00h-01Fh -ASFR1=080h-09Fh \
  -ASFR2=0100h-011Fh -ASFR3=0180h-01EFh -ACONFIG=02007h-02007h -DCONFIG=2 \
  -AIDLOC=02000h-02003h -DIDLOC=2 -AEEDATA=00h-07Fh/02100h \
  -peeprom_data=EEDATA -DEEDATA=2 -DCODE=2 -DSTRCODE=2 -DSTRING=2 -DCONST=2 \
  -DENTRY=2 -preset_vec=00h,intentry=04h,sivt,init,end_init -ppowerup=CODE \
  -pcinit=CODE -pfunctab=ENTRY -k \
  C:\Users\FAMILI~1\AppData\Local\Temp\xcCs6j4.2\driver_tmp_12.o \
  dist/default/production\HC-06_PIC16F628A_.X.production.o 

Object code version is 3.11

Machine type is 16F628A



                Name                               Link     Load   Length Selector   Space Scale
C:\Users\FAMILI~1\AppData\Local\Temp\xcCs6j4.2\driver_tmp_12.o
                end_init                              E        E        1        8       0
                reset_vec                             0        0        1        0       0
                config                             2007     2007        1        0       4
                idloc                              2000     2000        4        0       5
dist/default/production\HC-06_PIC16F628A_.X.production.o
                cinit                                 F        F        C        8       0
                intentry                              4        4        A        8       0
                config                             2007     2007        1        0       4
                idloc                              2000     2000        4        0       5
                text15                              456      456        F      6E4       0
                text14                              39F      39F       2C      6E4       0
                text13                              372      372       2D      6E4       0
                text12                              2E9      2E9       50        8       0
                text11                              280      280       69        8       0
                text10                              43F      43F       17      6E4       0
                text9                               202      202       7E        8       0
                text8                               426      426       19      6E4       0
                text7                               486      486        7      6E4       0
                text6                                1B       1B      114        8       0
                text5                               473      473        B      6E4       0
                text4                               3CB      3CB       24      6E4       0
                text3                               3EF      3EF       1D      6E4       0
                text2                               465      465        E      6E4       0
                text1                               40C      40C       1A      6E4       0
                maintext                            12F      12F       D3        8       0
                cstackBANK0                          51       51        E       20       1
                cstackCOMMON                         70       70        B       70       1
                clrtext                             47E      47E        8      6E4       0
                dataBANK0                            5F       5F        1       20       1
                bssBANK0                             20       20       31       20       1
                bssCOMMON                            7B       7B        3       70       1
                strings                             339      339       39      672       0
                idataBANK0                          48D      48D        1      6E4       0

TOTAL           Name                               Link     Load   Length     Space
        CLASS   CODE           
                end_init                              E        E        1         0
                cinit                                 F        F        C         0
                intentry                              4        4        A         0
                reset_vec                             0        0        1         0
                text15                              456      456        F         0
                text14                              39F      39F       2C         0
                text13                              372      372       2D         0
                text12                              2E9      2E9       50         0
                text11                              280      280       69         0
                text10                              43F      43F       17         0
                text9                               202      202       7E         0
                text8                               426      426       19         0
                text7                               486      486        7         0
                text6                                1B       1B      114         0
                text5                               473      473        B         0
                text4                               3CB      3CB       24         0
                text3                               3EF      3EF       1D         0
                text2                               465      465        E         0
                text1                               40C      40C       1A         0
                maintext                            12F      12F       D3         0
                clrtext                             47E      47E        8         0
                idataBANK0                          48D      48D        1         0

        CLASS   STRCODE        

        CLASS   STRING         
                strings                             339      339       39         0

        CLASS   CONST          

        CLASS   ENTRY          

        CLASS   COMMON         
                cstackCOMMON                         70       70        B         1
                bssCOMMON                            7B       7B        3         1

        CLASS   BANK0          
                cstackBANK0                          51       51        E         1
                dataBANK0                            5F       5F        1         1
                bssBANK0                             20       20       31         1

        CLASS   BANK1          

        CLASS   BANK2          

        CLASS   RAM            

        CLASS   ABS1           
                abs_s1                               7E       7E        2         1

        CLASS   SFR0           

        CLASS   SFR1           

        CLASS   SFR2           

        CLASS   SFR3           

        CLASS   CONFIG         
                config                             2007     2007        1         4

        CLASS   IDLOC          
                idloc                              2000     2000        4         5

        CLASS   EEDATA         

        CLASS   BANK3          

        CLASS   HEAP           

        CLASS   STACK          



SEGMENTS        Name                           Load    Length   Top    Selector   Space  Class     Delta

                reset_vec                      000000  000001  000001         0       0  CODE        2
                intentry                       000004  000335  000339         8       0  CODE        2
                bssBANK0                       000020  000040  000060        20       1  BANK0       1
                cstackCOMMON                   000070  00000E  00007E        70       1  COMMON      1
                strings                        000339  000039  000372       672       0  STRING      2
                text13                         000372  00011C  00048E       6E4       0  CODE        2


UNUSED ADDRESS RANGES

        Name                Unused          Largest block    Delta
        BANK0            0060-006F             10           1
        BANK1            00A0-00EF             50           1
        BANK2            0120-014F             30           1
        CODE             0001-0003              3           2
                         048E-07FF            372
        CONST            0001-0003              3           2
                         048E-07FF            100
        EEDATA           2100-217F             80           2
        ENTRY            0001-0003              3           2
                         048E-07FF            100
        RAM              0060-006F             10           1
                         00A0-00EF             50
                         0120-014F             30
        SFR0             0000-001F             20           1
        SFR1             0080-009F             20           1
        SFR2             0100-011F             20           1
        SFR3             0180-01EF             70           1
        STRCODE          0001-0003              3           2
                         048E-07FF            372
        STRING           0001-0003              3           2
                         048E-07FF            100

                                  Symbol Table

?___awdiv                          cstackBANK0  0051
?_strcmp                           cstackCOMMON 0070
CONVERTIDOR__HEX_ASCII@CONVER_DATO cstackBANK0  005B
DHT11_READ@variable                cstackBANK0  0052
Uart_Init@baudios                  cstackBANK0  0051
Uart_Read_String@Buf               cstackCOMMON 0074
Uart_Read_String@c                 cstackCOMMON 0073
Uart_Read_String@cont_buf          cstackCOMMON 0075
Uart_Read_String@s_buf             cstackCOMMON 0070
Uart_Send_Char@INFO                cstackBANK0  0051
Uart_Send_String@INFO              cstackBANK0  0053
Uart_Send_String@W                 cstackBANK0  0052
_B                                 bssBANK0     0023
_C                                 bssBANK0     0022
_CMCON                             (abs)        001F
_CONVERTIDOR__HEX_ASCII            text9        0202
_DATO                              bssBANK0     0028
_DATO_LSB                          bssBANK0     002E
_DATO_MSB                          bssBANK0     002D
_DHT11_Inicio                      text8        0426
_DHT11_READ                        text6        001B
_DHT11_READ_CLOCK                  text4        03CB
_DHT11_READ_STAR                   text7        0486
_DHT11_Res                         text5        0473
_H1                                bssBANK0     003A
_H2                                bssBANK0     0037
_INTCONbits                        (abs)        000B
_OPTION_REGbits                    (abs)        0081
_PIE1bits                          (abs)        008C
_PIR1bits                          (abs)        000C
_PORTA                             (abs)        0005
_PORTAbits                         (abs)        0005
_PORTB                             (abs)        0006
_PORTBbits                         (abs)        0006
_RCREG                             (abs)        001A
_RCSTAbits                         (abs)        0018
_RX_DATO                           text12       02E9
_SPBRG                             (abs)        0099
_T1                                bssBANK0     0039
_T2                                bssBANK0     0038
_TRISA                             (abs)        0085
_TRISB                             (abs)        0086
_TRISBbits                         (abs)        0086
_TXREG                             (abs)        0019
_TXSTAbits                         (abs)        0098
_Uart_Init                         text3        03EF
_Uart_Read                         text15       0456
_Uart_Read_String                  text14       039F
_Uart_Send_Char                    text2        0465
_Uart_Send_String                  text1        040C
_X                                 bssBANK0     0050
__H__absolute__                    __absolute__ 0000
__Habs1                            abs1         0000
__Hbank0                           bank0        0000
__Hbank1                           bank1        0000
__Hbank2                           bank2        0000
__Hbank3                           bank3        0000
__HbssBANK0                        bssBANK0     0000
__HbssCOMMON                       bssCOMMON    0000
__Hcinit                           cinit        001B
__Hclrtext                         clrtext      0000
__Hcode                            code         0000
__Hcommon                          common       0000
__Hconfig                          config       2008
__HcstackBANK0                     cstackBANK0  0000
__HcstackCOMMON                    cstackCOMMON 0000
__HdataBANK0                       dataBANK0    0000
__Heeprom_data                     eeprom_data  0000
__Hend_init                        end_init     000F
__Hfunctab                         functab      0000
__Hheap                            heap         0000
__HidataBANK0                      idataBANK0   0000
__Hidloc                           idloc        2004
__Hinit                            init         000E
__Hintentry                        intentry     000E
__Hmaintext                        maintext     0000
__Hpowerup                         powerup      0000
__Hram                             ram          0000
__Hreset_vec                       reset_vec    0001
__Hsfr0                            sfr0         0000
__Hsfr1                            sfr1         0000
__Hsfr2                            sfr2         0000
__Hsfr3                            sfr3         0000
__Hsivt                            sivt         000E
__Hspace_0                         (abs)        048E
__Hspace_1                         (abs)        007E
__Hspace_2                         (abs)        0000
__Hspace_3                         (abs)        0000
__Hspace_4                         (abs)        400F
__Hstack                           stack        0000
__Hstrings                         strings      0000
__Htext                            text         0000
__L__absolute__                    __absolute__ 0000
__Labs1                            abs1         0000
__Lbank0                           bank0        0000
__Lbank1                           bank1        0000
__Lbank2                           bank2        0000
__Lbank3                           bank3        0000
__LbssBANK0                        bssBANK0     0000
__LbssCOMMON                       bssCOMMON    0000
__Lcinit                           cinit        000F
__Lclrtext                         clrtext      0000
__Lcode                            code         0000
__Lcommon                          common       0000
__Lconfig                          config       0000
__LcstackBANK0                     cstackBANK0  0000
__LcstackCOMMON                    cstackCOMMON 0000
__LdataBANK0                       dataBANK0    0000
__Leeprom_data                     eeprom_data  0000
__Lend_init                        end_init     000E
__Lfunctab                         functab      0000
__Lheap                            heap         0000
__LidataBANK0                      idataBANK0   0000
__Lidloc                           idloc        0000
__Linit                            init         000E
__Lintentry                        intentry     0004
__Lmaintext                        maintext     0000
__Lpowerup                         powerup      0000
__Lram                             ram          0000
__Lreset_vec                       reset_vec    0000
__Lsfr0                            sfr0         0000
__Lsfr1                            sfr1         0000
__Lsfr2                            sfr2         0000
__Lsfr3                            sfr3         0000
__Lsivt                            sivt         000E
__Lspace_0                         (abs)        0000
__Lspace_1                         (abs)        0000
__Lspace_2                         (abs)        0000
__Lspace_3                         (abs)        0000
__Lspace_4                         (abs)        0000
__Lstack                           stack        0000
__Lstrings                         strings      0000
__Ltext                            text         0000
__S0                               (abs)        048E
__S1                               (abs)        007E
__S3                               (abs)        0000
___awdiv                           text11       0280
___awdiv@counter                   cstackBANK0  0055
___awdiv@dividend                  cstackBANK0  0053
___awdiv@divisor                   cstackBANK0  0051
___awdiv@quotient                  cstackBANK0  0057
___awdiv@sign                      cstackBANK0  0056
___bmul                            text10       043F
___bmul@multiplicand               cstackBANK0  0051
___bmul@multiplier                 cstackBANK0  0053
___bmul@product                    cstackBANK0  0052
___heap_hi                         (abs)        0000
___heap_lo                         (abs)        0000
___int_sp                          stack        0000
___int_stack_hi                    stack        0000
___int_stack_lo                    stack        0000
___latbits                         (abs)        0000
___sp                              stack        0000
___stack_hi                        stack        0000
___stack_lo                        stack        0000
___stackhi                         (abs)        0000
___stacklo                         (abs)        0000
__end_of_CONVERTIDOR__HEX_ASCII    text9        0280
__end_of_DHT11_Inicio              text8        043F
__end_of_DHT11_READ                text6        012F
__end_of_DHT11_READ_CLOCK          text4        03EF
__end_of_DHT11_READ_STAR           text7        048D
__end_of_DHT11_Res                 text5        047E
__end_of_RX_DATO                   text12       0339
__end_of_Uart_Init                 text3        040C
__end_of_Uart_Read                 text15       0465
__end_of_Uart_Read_String          text14       03CB
__end_of_Uart_Send_Char            text2        0473
__end_of_Uart_Send_String          text1        0426
__end_of___awdiv                   text11       02E9
__end_of___bmul                    text10       0456
__end_of__initialization           cinit        0019
__end_of__stringtab                strings      033F
__end_of_main                      maintext     0202
__end_of_strcmp                    text13       039F
__initialization                   cinit        000F
__pbssBANK0                        bssBANK0     0020
__pbssCOMMON                       bssCOMMON    007B
__pcstackBANK0                     cstackBANK0  0051
__pcstackCOMMON                    cstackCOMMON 0070
__pdataBANK0                       dataBANK0    005F
__pidataBANK0                      idataBANK0   048D
__pintentry                        intentry     0004
__pmaintext                        maintext     012F
__pstrings                         strings      0339
__ptext1                           text1        040C
__ptext10                          text10       043F
__ptext11                          text11       0280
__ptext12                          text12       02E9
__ptext13                          text13       0372
__ptext14                          text14       039F
__ptext15                          text15       0456
__ptext2                           text2        0465
__ptext3                           text3        03EF
__ptext4                           text4        03CB
__ptext5                           text5        0473
__ptext6                           text6        001B
__ptext7                           text7        0486
__ptext8                           text8        0426
__ptext9                           text9        0202
__stringbase                       strings      033E
__stringtab                        strings      0339
_bit0                              bssCOMMON    007C
_bit1                              bssCOMMON    007B
_bit2                              bssBANK0     0035
_bit3                              bssBANK0     0034
_bit4                              bssBANK0     0033
_bit5                              bssBANK0     0032
_bit6                              bssBANK0     0031
_cadena                            bssBANK0     003C
_centena                           bssBANK0     0025
_decena                            bssBANK0     0026
_main                              maintext     012F
_strcmp                            text13       0372
_unidad                            bssBANK0     0027
_unidadM                           bssBANK0     0024
_variable2                         bssCOMMON    007D
btemp                              (abs)        007E
clear_ram0                         clrtext      047E
end_of_initialization              cinit        0019
interrupt_function                 intentry     0004
intlevel0                          functab      0000
intlevel1                          functab      0000
intlevel2                          functab      0000
intlevel3                          functab      0000
intlevel4                          functab      0000
intlevel5                          functab      0000
reset_vec                          reset_vec    0000
saved_w                            (abs)        007E
start                              init         000E
start_initialization               cinit        000F
strcmp@l                           cstackCOMMON 0074
strcmp@r                           cstackCOMMON 0070
wtemp0                             (abs)        007E


MODULE INFORMATION

Module		Function		Class		Link	Load	Size
C:\Program Files\Microchip\xc8\v2.46\pic\sources\c99\common\awdiv.c
		___awdiv       		CODE           	0280	0000	105

C:\Program Files\Microchip\xc8\v2.46\pic\sources\c99\common\awdiv.c estimated size: 105

C:\Program Files\Microchip\xc8\v2.46\pic\sources\c99\common\Umul8.c
		___bmul        		CODE           	043F	0000	23

C:\Program Files\Microchip\xc8\v2.46\pic\sources\c99\common\Umul8.c estimated size: 23

C:\Program Files\Microchip\xc8\v2.46\pic\sources\c99\common\strcmp.c
		_strcmp        		CODE           	0372	0000	45

C:\Program Files\Microchip\xc8\v2.46\pic\sources\c99\common\strcmp.c estimated size: 45

DHT11.c
		_DHT11_READ_STAR		CODE           	0486	0000	7
		_CONVERTIDOR__HEX_ASCII		CODE           	0202	0000	126
		_DHT11_READ_CLOCK		CODE           	03CB	0000	36
		_DHT11_Inicio  		CODE           	0426	0000	25
		_DHT11_Res     		CODE           	0473	0000	11
		_DHT11_READ    		CODE           	001B	0000	276

DHT11.c estimated size: 481

shared
		__stringtab    		STRING         	0339	0000	6
		__initialization		CODE           	000F	0000	10

shared estimated size: 16

main.c
		_RX_DATO       		CODE           	02E9	0000	80
		_main          		CODE           	012F	0000	211

main.c estimated size: 291

RS-232.c
		_Uart_Init     		CODE           	03EF	0000	29
		_Uart_Read_String		CODE           	039F	0000	44
		_Uart_Send_String		CODE           	040C	0000	26
		_Uart_Send_Char		CODE           	0465	0000	14
		_Uart_Read     		CODE           	0456	0000	15

RS-232.c estimated size: 128

